// Jest Snapshot v1, https://goo.gl/fbAQLP

exports[`Blockquote Should render emphasis inside blockquote: > This text can use **bold** or *italic*  
> and so much ***\`more\`***... 1`] = `"<div><p><blockquote><div><p><span><span>This text can use </span><b><span>bold</span></b><span> or </span><em><span>italic</span></em><br><span>and so much </span><b><em><code><span>more</span></code></em></b><span>...</span></span></p></div></blockquote></p></div>"`;

exports[`Blockquote Should render inline quote: > This is a blockquote 1`] = `"<div><p><blockquote><div><p><span><span>This is a blockquote</span></span></p></div></blockquote></p></div>"`;

exports[`Blockquote Should render multiline quote: > This is a multiline quotation.  
> Now you know how to do ! 1`] = `"<div><p><blockquote><div><p><span><span>This is a multiline quotation.  </span><br><span>Now you know how to do !</span></span></p></div></blockquote></p></div>"`;

exports[`Code block Should render code block with color: \`\`\`javascript
  class Hello {
    sayHello() {
      return "Hello Kitty";
    }
  }
\`\`\` 1`] = `
"<div><p><pre><code class=\\"language-javascript\\">  class Hello {
    sayHello() {
      return \\"Hello Kitty\\";
    }
  }</code></pre></p></div>"
`;

exports[`Code block Should render code block: \`\`\`
  Place some code here
\`\`\` 1`] = `"<div><p><pre><code>  Place some code here</code></pre></p></div>"`;

exports[`Emphasis Should render Bold & Italic: This is __*Bold &amp; Italic*__ 1`] = `"<div><p><span><span>This is </span><b><em><span>Bold &amp; Italic</span></em></b></span></p></div>"`;

exports[`Emphasis Should render bold: This is **Bold** 1`] = `"<div><p><span><span>This is </span><b><span>Bold</span></b></span></p></div>"`;

exports[`Emphasis Should render bold: This is __Bold__ 1`] = `"<div><p><span><span>This is </span><b><span>Bold</span></b></span></p></div>"`;

exports[`Emphasis Should render inline quote: This is \`inline quote\` 1`] = `"<div><p><span><span>This is </span><code><span>inline quote</span></code></span></p></div>"`;

exports[`Emphasis Should render italic: This is *Italic* 1`] = `"<div><p><span><span>This is </span><em><span>Italic</span></em></span></p></div>"`;

exports[`Emphasis Should render italic: This is _Italic_ 1`] = `"<div><p><span><span>This is </span><em><span>Italic</span></em></span></p></div>"`;

exports[`Emphasis Should render multiline emphasis: This is *Italic*  
    This is **Bold**  
    This is ~underline~  
    This is ~stroke~  
    This is \`inline quote\` 1`] = `"<div><p><span><span>This is </span><em><span>Italic</span></em><br><span>    This is </span><b><span>Bold</span></b><br><span>    This is </span><span style=\\"text-decoration: underline\\"><span>underline</span></span><br><span>    This is </span><span style=\\"text-decoration: underline\\"><span>stroke</span></span><br><span>    This is </span><code><span>inline quote</span></code></span></p></div>"`;

exports[`Emphasis Should render stroke: This is ~~stroke~~ 1`] = `"<div><p><span><span>This is </span><span style=\\"text-decoration: line-through\\"><span>stroke</span></span></span></p></div>"`;

exports[`Emphasis Should render underline: This is ~underline~ 1`] = `"<div><p><span><span>This is </span><span style=\\"text-decoration: underline\\"><span>underline</span></span></span></p></div>"`;

exports[`HTML Block Should render html bock: [html]{{
      <h3>H3 heading</h3>
    }} 1`] = `"<div><p><div><h3><span>H3 heading</span></h3></div></p></div>"`;

exports[`Heading Should render === block as text if nothing: Text not heading   
    \\=\\=\\= 1`] = `"<div><p><span><span>Text not heading   </span><br><span>    ===</span></span></p></div>"`;

exports[`Heading Should render Heading 1 to 6 with #: # Heading 1`] = `"<div><h1><span> Heading</span></h1></div>"`;

exports[`Heading Should render Heading 1 to 6 with #: ## Heading 1`] = `"<div><h2><span> Heading</span></h2></div>"`;

exports[`Heading Should render Heading 1 to 6 with #: ### Heading 1`] = `"<div><h3><span> Heading</span></h3></div>"`;

exports[`Heading Should render Heading 1 to 6 with #: #### Heading 1`] = `"<div><h4><span> Heading</span></h4></div>"`;

exports[`Heading Should render Heading 1 to 6 with #: ##### Heading 1`] = `"<div><h5><span> Heading</span></h5></div>"`;

exports[`Heading Should render Heading 1 to 6 with #: ###### Heading 1`] = `"<div><h6><span> Heading</span></h6></div>"`;

exports[`Heading Should render Heading 1 to 6 with =: Heading
= 1`] = `"<div><h1><span> Heading</span></h1></div>"`;

exports[`Heading Should render Heading 1 to 6 with =: Heading
== 1`] = `"<div><h2><span> Heading</span></h2></div>"`;

exports[`Heading Should render Heading 1 to 6 with =: Heading
=== 1`] = `"<div><h3><span> Heading</span></h3></div>"`;

exports[`Heading Should render Heading 1 to 6 with =: Heading
==== 1`] = `"<div><h4><span> Heading</span></h4></div>"`;

exports[`Heading Should render Heading 1 to 6 with =: Heading
===== 1`] = `"<div><h5><span> Heading</span></h5></div>"`;

exports[`Heading Should render Heading 1 to 6 with =: Heading
====== 1`] = `"<div><h6><span> Heading</span></h6></div>"`;

exports[`Image Block Should render Image block: [img width:100px]{{
      "src"   : "https://www.wikipedia.org/portal/wikipedia.org/assets/img/Wikipedia-logo-v2.png",
      "alt"   : "Image",
      "title" : "Me, myself and I"
    }} 1`] = `"<div><p><img alt=\\"Image\\" title=\\"Me, myself and I\\" src=\\"https://www.wikipedia.org/portal/wikipedia.org/assets/img/Wikipedia-logo-v2.png\\"></p></div>"`;

exports[`Link / Image / Ruler Should render Image: ![Wikipedia](https://www.wikipedia.org/portal/wikipedia.org/assets/img/Wikipedia-logo-v2.png "Wikipedia Logo") 1`] = `"<div><p><span><img src=\\"https://www.wikipedia.org/portal/wikipedia.org/assets/img/Wikipedia-logo-v2.png\\" alt=\\"Wikipedia\\" title=\\"Wikipedia Logo\\"></span></p></div>"`;

exports[`Link / Image / Ruler Should render Link: [Wikipedia](https://wikipedia.com "new") 1`] = `"<div><p><span><a href=\\"https://wikipedia.com\\" target=\\"new\\"><span>Wikipedia</span></a></span></p></div>"`;

exports[`Link / Image / Ruler Should render Ruler: ___ 1`] = `"<div><hr></div>"`;

exports[`Marks block Should render marks block: [marks]{{
      ### h3 heading
    }} 1`] = `"<div><p><div><h3><span> h3 heading</span></h3></div></p></div>"`;

exports[`Nested elements Should render inline nested and block nested: Hello ::- ref:001

Ceci est un @@001@@ 1`] = `"<div><p></p><p><span><span>Ceci est un </span><div id=\\"001\\" data-mk-ref=\\"true\\"><span><span>Hello </span></span></div></span></p></div>"`;

exports[`Ordered lists Should render list starting with 1: 1. Item 1
    1. Item 2
    1. Item 3 1`] = `"<div><p><ol><li><span>Item 1</span><ol><li><span>Item 2</span></li><li><span>Item 3</span></li></ol></li></ol></p></div>"`;

exports[`Ordered lists Should render list starting with any number from 0 to 9: 0. Item 1
8. Item 2
1. Item 3 1`] = `"<div><p><ol><li><span>Item 1</span></li><li><span>Item 2</span></li><li><span>Item 3</span></li></ol></p></div>"`;

exports[`Ordered lists Should render list starting with the generic symbol: #. Item 1
#. Item 2
#. Item 3 1`] = `"<div><p><ol><li><span>Item 1</span></li><li><span>Item 2</span></li><li><span>Item 3</span></li></ol></p></div>"`;

exports[`Ordered lists Should render nested list starting with 1: 1. Item 1
1. Item 2
  1. Item 2.1
    1. Item 2.1.1
  1. Item 2.2
1. Item 3 1`] = `"<div><p><ol><li><span>Item 1</span></li><li><span>Item 2</span><ol><li><span>Item 2.1</span><ol><li><span>Item 2.1.1</span></li></ol></li><li><span>Item 2.2</span></li></ol></li><li><span>Item 3</span></li></ol></p></div>"`;

exports[`Ordered lists Should render nested list starting with any number from 0 to 9: 9. Item 1
1. Item 2
  8. Item 2.1
    2. Item 2.1.1
  6. Item 2.2
0. Item 3 1`] = `"<div><p><ol><li><span>Item 1</span></li><li><span>Item 2</span><ol><li><span>Item 2.1</span><ol><li><span>Item 2.1.1</span></li></ol></li><li><span>Item 2.2</span></li></ol></li><li><span>Item 3</span></li></ol></p></div>"`;

exports[`Ordered lists Should render nested list starting with the generic symbol without conflicting with Heading: # Heading
#. Item 1
#. Item 2
  #. Item 2.1
    #. Item 2.1.1
  #. Item 2.2
#. Item 3
# Heading 1`] = `"<div><h1><span> Heading</span></h1><p><ol><li><span>Item 1</span></li><li><span>Item 2</span><ol><li><span>Item 2.1</span><ol><li><span>Item 2.1.1</span></li></ol></li><li><span>Item 2.2</span></li></ol></li><li><span>Item 3</span></li></ol></p><h1><span> Heading</span></h1></div>"`;

exports[`Ordered lists Should render nested list starting with the generic symbol: #. Item 1
#. Item 2
  #. Item 2.1
    #. Item 2.1.1
  #. Item 2.2
#. Item 3 1`] = `"<div><p><ol><li><span>Item 1</span></li><li><span>Item 2</span><ol><li><span>Item 2.1</span><ol><li><span>Item 2.1.1</span></li></ol></li><li><span>Item 2.2</span></li></ol></li><li><span>Item 3</span></li></ol></p></div>"`;

exports[`Styles Should render theme, variant, classes: This is a text ::- classes:myClass1,myClass2 theme:dark variant:primary 1`] = `"<div><p><span class=\\"darkCls primaryCls myClass1 myClass2\\"><span>This is a text </span></span></p></div>"`;

exports[`Styles Should table block markdown and csv: [table format:csv] {{
      COL A,COL B,COL C
      AA,BB,CC
      }} 1`] = `"<div><p><table><thead><tr><th align=\\"left\\"><span>COL A</span></th><th align=\\"left\\"><span>COL B</span></th><th align=\\"left\\"><span>COL C</span></th></tr></thead><tbody><tr><td align=\\"left\\"><span>AA</span></td><td align=\\"left\\"><span>BB</span></td><td align=\\"left\\"><span>CC</span></td></tr></tbody></table></p></div>"`;

exports[`Styles Should table block markdown and csv: [table format:markdown] {{
      | COL A | COL B   | COL C  |
      |-------|---------|--------|
      | AA    | BB      |CC      |
    }} 1`] = `"<div><p><table><thead><tr><th align=\\"left\\"><span> COL A </span></th><th align=\\"left\\"><span> COL B   </span></th><th align=\\"left\\"><span> COL C  </span></th></tr></thead><tbody><tr><td align=\\"left\\"><span> AA    </span></td><td align=\\"left\\"><span> BB      </span></td><td align=\\"left\\"><span>CC      </span></td></tr></tbody></table></p></div>"`;

exports[`Table Should render table: | Tables        | Are           | Cool  |
|---------------|---------------|-------|
| col 3 is      | right-aligned | $1600 |
| col 2 is      | *centered*    |   $12 | 1`] = `"<div><p><table><thead><tr><th align=\\"left\\"><span> Tables        </span></th><th align=\\"left\\"><span> Are           </span></th><th align=\\"left\\"><span> Cool  </span></th></tr></thead><tbody><tr><td align=\\"left\\"><span> col 3 is      </span></td><td align=\\"left\\"><span> right-aligned </span></td><td align=\\"left\\"><span> $1600 </span></td></tr><tr><td align=\\"left\\"><span> col 2 is      </span></td><td align=\\"left\\"><em><span>centered</span></em></td><td align=\\"left\\"><span>   $12 </span></td></tr></tbody></table></p></div>"`;

exports[`Table Should render with left / right align: |A|B|C|
|--|--:|:--:|
|X|X|X| 1`] = `"<div><p><table><thead><tr><th align=\\"left\\"><span>A</span></th><th align=\\"right\\"><span>B</span></th><th align=\\"center\\"><span>C</span></th></tr></thead><tbody><tr><td align=\\"left\\"><span>X</span></td><td align=\\"right\\"><span>X</span></td><td align=\\"center\\"><span>X</span></td></tr></tbody></table></p></div>"`;

exports[`Task Should render done task: - [x] It is done 1`] = `"<div><p><ul><li style=\\"list-style-type:none\\"><input type=\\"checkbox\\" checked=\\"checked\\" onclick=\\"() => false\\" style=\\"margin-right:5px\\"><span><span>It is done</span></span></li></ul></p></div>"`;

exports[`Task Should render tasks: - [ ] Todo 1
- [x] Done 1 1`] = `"<div><p><ul><li style=\\"list-style-type:none\\"><input type=\\"checkbox\\" onclick=\\"() => false\\" style=\\"margin-right:5px\\"><span><span>Todo 1</span></span></li><li style=\\"list-style-type:none\\"><input type=\\"checkbox\\" checked=\\"checked\\" onclick=\\"() => false\\" style=\\"margin-right:5px\\"><span><span>Done 1</span></span></li></ul></p></div>"`;

exports[`Task Should render todo task: - [ ] Todo task 1`] = `"<div><p><ul><li style=\\"list-style-type:none\\"><input type=\\"checkbox\\" onclick=\\"() => false\\" style=\\"margin-right:5px\\"><span><span>Todo task</span></span></li></ul></p></div>"`;

exports[`Test dom Should be empty 1`] = `"<div><p></p></div>"`;

exports[`Unordered lists Should render nested unordered list: * Item 1
* Item 2
  * Item 2.1
    * Item 2.1.1
  * Item 2.2
* Item 3 1`] = `"<div><p><ul><li><span>Item 1</span></li><li><span>Item 2</span><ul><li><span>Item 2.1</span><ul><li><span>Item 2.1.1</span></li></ul></li><li><span>Item 2.2</span></li></ul></li><li><span>Item 3</span></li></ul></p></div>"`;

exports[`Unordered lists Should render simple unordered list: * Item 1
* Item 2
* Item 3 1`] = `"<div><p><ul><li><span>Item 1</span></li><li><span>Item 2</span></li><li><span>Item 3</span></li></ul></p></div>"`;
